// Jest Snapshot v1, https://goo.gl/fbAQLP

exports[`snapshot 1`] = `
<Text
  style={
    Object {
      "backgroundColor": "red",
      "color": undefined,
      "fontFamily": undefined,
      "fontSize": 14,
    }
  }
>
  This is a test
</Text>
`;
